// Jest Snapshot v1, https://goo.gl/fbAQLP

exports[`should render Header correctly 1`] = `
<div
  className="container"
>
  <div
    className="main"
  >
    <Connect(MoviesList) />
  </div>
</div>
`;
