// Jest Snapshot v1, https://goo.gl/fbAQLP

exports[`Should render MovieCard correctly 1`] = `undefined`;
