// Jest Snapshot v1, https://goo.gl/fbAQLP

exports[`Should render MovieCard correctly 1`] = `
<div
  className="container"
>
  <h1>
    404 - NOT FOUND
  </h1>
  <h2>
    <Link
      to="/"
    >
      Go home
    </Link>
  </h2>
</div>
`;
